// Jest Snapshot v1, https://goo.gl/fbAQLP

exports[`Search form component input should have empty value 1`] = `
<form
  onSubmit={[Function]}
>
  <div
    className="form-row"
  >
    <div
      className="col-7 col-sm-8 col-md-10 col-xl-11"
    >
      <input
        className="form-control form-control-lg"
        onChange={[Function]}
        placeholder="Enter movie title"
        type="search"
        value=""
      />
    </div>
    <div
      className="col-5 col-sm-4 col-md-2 col-xl-1"
    >
      <button
        className="btn btn-lg btn-success"
      >
        Search!
      </button>
    </div>
  </div>
</form>
`;
